// Jest Snapshot v1, https://goo.gl/fbAQLP

exports[`<ReactBanner /> should render without crashing 1`] = `
ShallowWrapper {
  "length": 1,
  Symbol(enzyme.__root__): [Circular],
  Symbol(enzyme.__unrendered__): <ReactBanner />,
  Symbol(enzyme.__renderer__): Object {
    "batchedUpdates": [Function],
    "getNode": [Function],
    "render": [Function],
    "simulateEvent": [Function],
    "unmount": [Function],
  },
  Symbol(enzyme.__node__): Object {
    "instance": null,
    "key": undefined,
    "nodeType": "class",
    "props": Object {
      "children": <withStyles(GridWrapper)
        item={true}
        xs={12}
>
        <div
                className={undefined}
        >
                <img
                        alt="logo"
                        className={undefined}
                        src="logo.svg"
                />
                <h2>
                        Welcome to React
                </h2>
        </div>
        <p
                className={undefined}
        >
                To get started, edit 
                <code>
                        src/App.tsx
                </code>
                 and save to reload.
        </p>
</withStyles(GridWrapper)>,
      "className": undefined,
      "container": true,
    },
    "ref": null,
    "rendered": Object {
      "instance": null,
      "key": undefined,
      "nodeType": "class",
      "props": Object {
        "children": Array [
          <div
            className={undefined}
>
            <img
                        alt="logo"
                        className={undefined}
                        src="logo.svg"
            />
            <h2>
                        Welcome to React
            </h2>
</div>,
          <p
            className={undefined}
>
            To get started, edit 
            <code>
                        src/App.tsx
            </code>
             and save to reload.
</p>,
        ],
        "item": true,
        "xs": 12,
      },
      "ref": null,
      "rendered": Array [
        Object {
          "instance": null,
          "key": undefined,
          "nodeType": "host",
          "props": Object {
            "children": Array [
              <img
                alt="logo"
                className={undefined}
                src="logo.svg"
/>,
              <h2>
                Welcome to React
</h2>,
            ],
            "className": undefined,
          },
          "ref": null,
          "rendered": Array [
            Object {
              "instance": null,
              "key": undefined,
              "nodeType": "host",
              "props": Object {
                "alt": "logo",
                "className": undefined,
                "src": "logo.svg",
              },
              "ref": null,
              "rendered": null,
              "type": "img",
            },
            Object {
              "instance": null,
              "key": undefined,
              "nodeType": "host",
              "props": Object {
                "children": "Welcome to React",
              },
              "ref": null,
              "rendered": "Welcome to React",
              "type": "h2",
            },
          ],
          "type": "div",
        },
        Object {
          "instance": null,
          "key": undefined,
          "nodeType": "host",
          "props": Object {
            "children": Array [
              "To get started, edit ",
              <code>
                src/App.tsx
</code>,
              " and save to reload.",
            ],
            "className": undefined,
          },
          "ref": null,
          "rendered": Array [
            "To get started, edit ",
            Object {
              "instance": null,
              "key": undefined,
              "nodeType": "host",
              "props": Object {
                "children": "src/App.tsx",
              },
              "ref": null,
              "rendered": "src/App.tsx",
              "type": "code",
            },
            " and save to reload.",
          ],
          "type": "p",
        },
      ],
      "type": [Function],
    },
    "type": [Function],
  },
  Symbol(enzyme.__nodes__): Array [
    Object {
      "instance": null,
      "key": undefined,
      "nodeType": "class",
      "props": Object {
        "children": <withStyles(GridWrapper)
          item={true}
          xs={12}
>
          <div
                    className={undefined}
          >
                    <img
                              alt="logo"
                              className={undefined}
                              src="logo.svg"
                    />
                    <h2>
                              Welcome to React
                    </h2>
          </div>
          <p
                    className={undefined}
          >
                    To get started, edit 
                    <code>
                              src/App.tsx
                    </code>
                     and save to reload.
          </p>
</withStyles(GridWrapper)>,
        "className": undefined,
        "container": true,
      },
      "ref": null,
      "rendered": Object {
        "instance": null,
        "key": undefined,
        "nodeType": "class",
        "props": Object {
          "children": Array [
            <div
              className={undefined}
>
              <img
                            alt="logo"
                            className={undefined}
                            src="logo.svg"
              />
              <h2>
                            Welcome to React
              </h2>
</div>,
            <p
              className={undefined}
>
              To get started, edit 
              <code>
                            src/App.tsx
              </code>
               and save to reload.
</p>,
          ],
          "item": true,
          "xs": 12,
        },
        "ref": null,
        "rendered": Array [
          Object {
            "instance": null,
            "key": undefined,
            "nodeType": "host",
            "props": Object {
              "children": Array [
                <img
                  alt="logo"
                  className={undefined}
                  src="logo.svg"
/>,
                <h2>
                  Welcome to React
</h2>,
              ],
              "className": undefined,
            },
            "ref": null,
            "rendered": Array [
              Object {
                "instance": null,
                "key": undefined,
                "nodeType": "host",
                "props": Object {
                  "alt": "logo",
                  "className": undefined,
                  "src": "logo.svg",
                },
                "ref": null,
                "rendered": null,
                "type": "img",
              },
              Object {
                "instance": null,
                "key": undefined,
                "nodeType": "host",
                "props": Object {
                  "children": "Welcome to React",
                },
                "ref": null,
                "rendered": "Welcome to React",
                "type": "h2",
              },
            ],
            "type": "div",
          },
          Object {
            "instance": null,
            "key": undefined,
            "nodeType": "host",
            "props": Object {
              "children": Array [
                "To get started, edit ",
                <code>
                  src/App.tsx
</code>,
                " and save to reload.",
              ],
              "className": undefined,
            },
            "ref": null,
            "rendered": Array [
              "To get started, edit ",
              Object {
                "instance": null,
                "key": undefined,
                "nodeType": "host",
                "props": Object {
                  "children": "src/App.tsx",
                },
                "ref": null,
                "rendered": "src/App.tsx",
                "type": "code",
              },
              " and save to reload.",
            ],
            "type": "p",
          },
        ],
        "type": [Function],
      },
      "type": [Function],
    },
  ],
  Symbol(enzyme.__options__): Object {
    "adapter": ReactSixteenAdapter {
      "options": Object {
        "enableComponentDidUpdateOnSetState": true,
      },
    },
  },
}
`;
